2026-06-23 16:12:11,678 - ERROR - Error serializing column `created_at` into data type `DateTime('Asia/Bangkok')`
Traceback (most recent call last):
  File "C:\Users\Administrator\AppData\Roaming\Python\Python312\site-packages\clickhouse_connect\driver\transform.py", line 126, in chunk_gen
    col_type.write_column(data, output, context)
  File "C:\Users\Administrator\AppData\Roaming\Python\Python312\site-packages\clickhouse_connect\datatypes\base.py", line 228, in write_column
    self.write_column_data(column, dest, ctx)
  File "C:\Users\Administrator\AppData\Roaming\Python\Python312\site-packages\clickhouse_connect\datatypes\base.py", line 243, in write_column_data
    self._write_column_binary(column, dest, ctx)
  File "C:\Users\Administrator\AppData\Roaming\Python\Python312\site-packages\clickhouse_connect\datatypes\temporal.py", line 197, in _write_column_binary
    column = [int(x.timestamp()) for x in column]
                  ^^^^^^^^^^^
AttributeError: 'int' object has no attribute 'timestamp'
2026-06-23 16:19:55,459 - ERROR - Error serializing column `ts` into data type `DateTime`
Traceback (most recent call last):
  File "C:\Users\Administrator\AppData\Roaming\Python\Python312\site-packages\clickhouse_connect\driver\transform.py", line 126, in chunk_gen
    col_type.write_column(data, output, context)
  File "C:\Users\Administrator\AppData\Roaming\Python\Python312\site-packages\clickhouse_connect\datatypes\base.py", line 228, in write_column
    self.write_column_data(column, dest, ctx)
  File "C:\Users\Administrator\AppData\Roaming\Python\Python312\site-packages\clickhouse_connect\datatypes\base.py", line 243, in write_column_data
    self._write_column_binary(column, dest, ctx)
  File "C:\Users\Administrator\AppData\Roaming\Python\Python312\site-packages\clickhouse_connect\datatypes\temporal.py", line 197, in _write_column_binary
    column = [int(x.timestamp()) for x in column]
                  ^^^^^^^^^^^
AttributeError: 'int' object has no attribute 'timestamp'
