2026-06-23 16:06:57,424 - WARNING - Connected to MQTT Broker
2026-06-23 16:28:59,196 - ERROR - Error Redis status: Attempt to execute concurrent queries within the same session. Please use a separate client instance per thread/process.
2026-06-23 16:28:59,198 - ERROR - Error Redis status: Attempt to execute concurrent queries within the same session. Please use a separate client instance per thread/process.
2026-06-23 16:30:59,293 - ERROR - Error Redis alarm: Attempt to execute concurrent queries within the same session. Please use a separate client instance per thread/process.
2026-06-23 16:30:59,294 - ERROR - Error Redis alarm: Attempt to execute concurrent queries within the same session. Please use a separate client instance per thread/process.
2026-06-23 16:31:29,304 - ERROR - Error check_device: Attempt to execute concurrent queries within the same session. Please use a separate client instance per thread/process.
2026-06-23 16:31:59,306 - ERROR - Error check_device: Attempt to execute concurrent queries within the same session. Please use a separate client instance per thread/process.
2026-06-23 16:32:29,307 - ERROR - Error check_device: Attempt to execute concurrent queries within the same session. Please use a separate client instance per thread/process.
2026-06-23 16:32:59,309 - ERROR - Error check_device: Attempt to execute concurrent queries within the same session. Please use a separate client instance per thread/process.
2026-06-23 16:33:29,310 - ERROR - Error check_device: Attempt to execute concurrent queries within the same session. Please use a separate client instance per thread/process.
2026-06-23 16:33:59,312 - ERROR - Error check_device: Attempt to execute concurrent queries within the same session. Please use a separate client instance per thread/process.
2026-06-23 16:34:29,314 - ERROR - Error check_device: Attempt to execute concurrent queries within the same session. Please use a separate client instance per thread/process.
2026-06-23 16:34:59,317 - ERROR - Error check_device: Attempt to execute concurrent queries within the same session. Please use a separate client instance per thread/process.
2026-06-23 16:35:29,320 - ERROR - Error check_device: Attempt to execute concurrent queries within the same session. Please use a separate client instance per thread/process.
2026-06-23 16:35:59,326 - ERROR - Error Redis alarm: Attempt to execute concurrent queries within the same session. Please use a separate client instance per thread/process.
2026-06-23 16:39:43,712 - ERROR - Error Redis alarm: Error 10061 connecting to localhost:6379. No connection could be made because the target machine actively refused it.
2026-06-23 16:39:47,927 - WARNING - Unexpected Http Driver Exception
2026-06-23 16:39:47,927 - ERROR - Error Redis alarm: Error ('Connection aborted.', RemoteDisconnected('Remote end closed connection without response')) executing HTTP request attempt 2 (http://host.docker.internal:8123)
2026-06-23 16:39:47,970 - WARNING - Unexpected Http Driver Exception
2026-06-23 16:39:47,970 - ERROR - Error Redis status: Error ('Connection aborted.', RemoteDisconnected('Remote end closed connection without response')) executing HTTP request attempt 2 (http://host.docker.internal:8123)
2026-06-23 16:39:48,003 - WARNING - Unexpected Http Driver Exception
2026-06-23 16:39:48,003 - ERROR - Error Redis status: Error ('Connection aborted.', RemoteDisconnected('Remote end closed connection without response')) executing HTTP request attempt 2 (http://host.docker.internal:8123)
2026-06-23 16:39:48,034 - WARNING - Unexpected Http Driver Exception
2026-06-23 16:39:48,034 - ERROR - Error Redis alarm: Error ('Connection aborted.', RemoteDisconnected('Remote end closed connection without response')) executing HTTP request attempt 2 (http://host.docker.internal:8123)
2026-06-23 16:39:48,041 - ERROR - Error check_device: Attempt to execute concurrent queries within the same session. Please use a separate client instance per thread/process.
2026-06-23 16:39:48,052 - WARNING - Unexpected Http Driver Exception
2026-06-23 16:39:48,054 - ERROR - Error Redis alarm: Error ('Connection aborted.', RemoteDisconnected('Remote end closed connection without response')) executing HTTP request attempt 2 (http://host.docker.internal:8123)
2026-06-23 16:39:48,080 - WARNING - Unexpected Http Driver Exception
2026-06-23 16:39:48,080 - ERROR - Error Redis alarm: Error ('Connection aborted.', RemoteDisconnected('Remote end closed connection without response')) executing HTTP request attempt 2 (http://host.docker.internal:8123)
2026-06-23 16:39:48,111 - WARNING - Unexpected Http Driver Exception
2026-06-23 16:39:48,111 - ERROR - Error Redis alarm: Error ('Connection aborted.', RemoteDisconnected('Remote end closed connection without response')) executing HTTP request attempt 2 (http://host.docker.internal:8123)
2026-06-23 16:39:48,120 - WARNING - Unexpected Http Driver Exception
2026-06-23 16:39:48,120 - ERROR - Error Redis status: Error ('Connection aborted.', RemoteDisconnected('Remote end closed connection without response')) executing HTTP request attempt 2 (http://host.docker.internal:8123)
2026-06-23 16:39:48,139 - WARNING - Unexpected Http Driver Exception
2026-06-23 16:39:48,139 - ERROR - Error Redis status: Error ('Connection aborted.', RemoteDisconnected('Remote end closed connection without response')) executing HTTP request attempt 2 (http://host.docker.internal:8123)
2026-06-23 16:39:48,169 - WARNING - Unexpected Http Driver Exception
2026-06-23 16:39:48,170 - ERROR - Error Redis alarm: Error ('Connection aborted.', RemoteDisconnected('Remote end closed connection without response')) executing HTTP request attempt 2 (http://host.docker.internal:8123)
2026-06-23 16:39:48,190 - WARNING - Unexpected Http Driver Exception
2026-06-23 16:39:48,190 - ERROR - Error Redis alarm: Error ('Connection aborted.', RemoteDisconnected('Remote end closed connection without response')) executing HTTP request attempt 2 (http://host.docker.internal:8123)
2026-06-23 16:39:48,221 - WARNING - Unexpected Http Driver Exception
2026-06-23 16:39:48,221 - ERROR - Error Redis alarm: Error ('Connection aborted.', RemoteDisconnected('Remote end closed connection without response')) executing HTTP request attempt 2 (http://host.docker.internal:8123)
2026-06-23 16:39:48,229 - WARNING - Unexpected Http Driver Exception
2026-06-23 16:39:48,229 - ERROR - Error Redis alarm: Error ('Connection aborted.', RemoteDisconnected('Remote end closed connection without response')) executing HTTP request attempt 2 (http://host.docker.internal:8123)
2026-06-23 16:39:48,237 - WARNING - Unexpected Http Driver Exception
2026-06-23 16:39:48,237 - ERROR - Error Redis status: Error ('Connection aborted.', RemoteDisconnected('Remote end closed connection without response')) executing HTTP request attempt 2 (http://host.docker.internal:8123)
2026-06-23 16:39:48,247 - WARNING - Unexpected Http Driver Exception
2026-06-23 16:39:48,247 - ERROR - Error Redis status: Error ('Connection aborted.', RemoteDisconnected('Remote end closed connection without response')) executing HTTP request attempt 2 (http://host.docker.internal:8123)
2026-06-23 16:39:48,287 - WARNING - Unexpected Http Driver Exception
2026-06-23 16:39:48,288 - ERROR - Error Redis alarm: Error ('Connection aborted.', RemoteDisconnected('Remote end closed connection without response')) executing HTTP request attempt 2 (http://host.docker.internal:8123)
2026-06-23 16:39:48,304 - WARNING - Unexpected Http Driver Exception
2026-06-23 16:39:48,304 - ERROR - Error Redis alarm: Error ('Connection aborted.', RemoteDisconnected('Remote end closed connection without response')) executing HTTP request attempt 2 (http://host.docker.internal:8123)
2026-06-23 16:39:48,323 - WARNING - Unexpected Http Driver Exception
2026-06-23 16:39:48,323 - ERROR - Error Redis alarm: Error ('Connection aborted.', RemoteDisconnected('Remote end closed connection without response')) executing HTTP request attempt 2 (http://host.docker.internal:8123)
2026-06-23 16:39:48,353 - WARNING - Unexpected Http Driver Exception
2026-06-23 16:39:48,353 - ERROR - Error Redis alarm: Error ('Connection aborted.', RemoteDisconnected('Remote end closed connection without response')) executing HTTP request attempt 2 (http://host.docker.internal:8123)
2026-06-23 16:39:48,384 - WARNING - Unexpected Http Driver Exception
2026-06-23 16:39:48,384 - ERROR - Error Redis status: Error ('Connection aborted.', RemoteDisconnected('Remote end closed connection without response')) executing HTTP request attempt 2 (http://host.docker.internal:8123)
2026-06-23 16:39:48,405 - WARNING - Unexpected Http Driver Exception
2026-06-23 16:39:48,405 - ERROR - Error Redis status: Error ('Connection aborted.', RemoteDisconnected('Remote end closed connection without response')) executing HTTP request attempt 2 (http://host.docker.internal:8123)
2026-06-23 16:39:48,436 - WARNING - Unexpected Http Driver Exception
2026-06-23 16:39:48,436 - ERROR - Error Redis alarm: Error ('Connection aborted.', RemoteDisconnected('Remote end closed connection without response')) executing HTTP request attempt 2 (http://host.docker.internal:8123)
2026-06-23 16:39:48,454 - WARNING - Unexpected Http Driver Exception
2026-06-23 16:39:48,455 - ERROR - Error Redis alarm: Error ('Connection aborted.', RemoteDisconnected('Remote end closed connection without response')) executing HTTP request attempt 2 (http://host.docker.internal:8123)
2026-06-23 16:39:48,499 - WARNING - Unexpected Http Driver Exception
2026-06-23 16:39:48,499 - ERROR - Error Redis alarm: Error ('Connection aborted.', RemoteDisconnected('Remote end closed connection without response')) executing HTTP request attempt 2 (http://host.docker.internal:8123)
2026-06-23 16:39:48,517 - WARNING - Unexpected Http Driver Exception
2026-06-23 16:39:48,518 - ERROR - Error Redis alarm: Error ('Connection aborted.', RemoteDisconnected('Remote end closed connection without response')) executing HTTP request attempt 2 (http://host.docker.internal:8123)
2026-06-23 16:39:48,524 - WARNING - Unexpected Http Driver Exception
2026-06-23 16:39:48,525 - ERROR - Error Redis status: Error ('Connection aborted.', RemoteDisconnected('Remote end closed connection without response')) executing HTTP request attempt 2 (http://host.docker.internal:8123)
2026-06-23 16:39:48,570 - WARNING - Unexpected Http Driver Exception
2026-06-23 16:39:48,570 - ERROR - Error Redis status: Error ('Connection aborted.', RemoteDisconnected('Remote end closed connection without response')) executing HTTP request attempt 2 (http://host.docker.internal:8123)
2026-06-23 16:39:48,580 - WARNING - Unexpected Http Driver Exception
2026-06-23 16:39:48,580 - ERROR - Error Redis alarm: Error ('Connection aborted.', RemoteDisconnected('Remote end closed connection without response')) executing HTTP request attempt 2 (http://host.docker.internal:8123)
2026-06-23 16:39:48,587 - WARNING - Unexpected Http Driver Exception
2026-06-23 16:39:48,587 - ERROR - Error Redis alarm: Error ('Connection aborted.', RemoteDisconnected('Remote end closed connection without response')) executing HTTP request attempt 2 (http://host.docker.internal:8123)
2026-06-23 16:39:48,620 - WARNING - Unexpected Http Driver Exception
2026-06-23 16:39:48,620 - ERROR - Error Redis alarm: Error ('Connection aborted.', RemoteDisconnected('Remote end closed connection without response')) executing HTTP request attempt 2 (http://host.docker.internal:8123)
2026-06-23 16:39:48,654 - WARNING - Unexpected Http Driver Exception
2026-06-23 16:39:48,654 - ERROR - Error Redis alarm: Error ('Connection aborted.', RemoteDisconnected('Remote end closed connection without response')) executing HTTP request attempt 2 (http://host.docker.internal:8123)
2026-06-23 16:39:49,175 - WARNING - Unexpected Http Driver Exception
2026-06-23 16:39:49,176 - ERROR - Error Redis status: Error ('Connection aborted.', RemoteDisconnected('Remote end closed connection without response')) executing HTTP request attempt 2 (http://host.docker.internal:8123)
2026-06-23 16:39:49,206 - WARNING - Unexpected Http Driver Exception
2026-06-23 16:39:49,207 - ERROR - Error Redis status: Error ('Connection aborted.', RemoteDisconnected('Remote end closed connection without response')) executing HTTP request attempt 2 (http://host.docker.internal:8123)
2026-06-23 16:39:49,370 - WARNING - Unexpected Http Driver Exception
2026-06-23 16:39:49,370 - ERROR - Error Redis alarm: Error ('Connection aborted.', RemoteDisconnected('Remote end closed connection without response')) executing HTTP request attempt 2 (http://host.docker.internal:8123)
2026-06-23 16:39:49,401 - WARNING - Unexpected Http Driver Exception
2026-06-23 16:39:49,401 - ERROR - Error Redis alarm: Error ('Connection aborted.', RemoteDisconnected('Remote end closed connection without response')) executing HTTP request attempt 2 (http://host.docker.internal:8123)
